18:18:17|INFO   |probes: {'MEANING_RENAME': 150, 'SWAP': 150, 'ROLE_PERMUTE': 131}
18:18:32|INFO   |L3 questionnaires from the iteration-1 cache: 420/440
18:18:32|INFO   |screen sentences 440; rows 4980; probes 431
18:19:00|INFO   |screen 25/440 sentences, 29s
18:19:01|INFO   |screen 50/440 sentences, 29s
18:19:01|INFO   |screen 75/440 sentences, 30s
18:19:02|INFO   |screen 100/440 sentences, 30s
18:19:02|INFO   |screen 125/440 sentences, 31s
18:19:03|INFO   |screen 150/440 sentences, 31s
18:19:03|INFO   |screen 175/440 sentences, 31s
18:19:04|INFO   |screen 200/440 sentences, 32s
18:19:04|INFO   |screen 225/440 sentences, 32s
18:19:05|INFO   |screen 250/440 sentences, 33s
18:19:06|INFO   |screen 275/440 sentences, 34s
18:19:06|INFO   |screen 300/440 sentences, 35s
18:19:07|INFO   |screen 325/440 sentences, 35s
18:19:08|INFO   |screen 350/440 sentences, 36s
18:19:08|INFO   |screen 375/440 sentences, 37s
18:19:09|INFO   |screen 400/440 sentences, 37s
18:19:09|INFO   |screen 425/440 sentences, 38s
18:19:13|INFO   |screen compute done in 41s
